Person
	Id = 00000000-0000-0000-0000-000000000000
	Family = null
	Name = Hum
	Surname = Dum
	Height = 0
	Age = 0
	BirthDay = 01.01.0001 0:00:00
	Spouse = null
