Int64
	MaxValue = Infinite loop
	MinValue = Int64
		MaxValue = Infinite loop
		MinValue = Infinite loop
