Person
	Id = this is personal ID
	Family = null
	Name = null
	Surname = null
	Height = 0
	Age = 0
	BirthDay = 01.01.0001 0:00:00
	Spouse = null
