Dictionary`2
{
	KeyValuePair`2
		Key = 0
		Value = Person
			Id = 00000000-0000-0000-0000-000000000000
			Family = null
			Name = null
			Surname = null
			Height = 0
			Age = 0
			BirthDay = 01.01.0001 0:00:00
			Spouse = null

	KeyValuePair`2
		Key = 1
		Value = Person
			Id = 00000000-0000-0000-0000-000000000000
			Family = null
			Name = null
			Surname = null
			Height = 0
			Age = 0
			BirthDay = 01.01.0001 0:00:00
			Spouse = null

	KeyValuePair`2
		Key = 2
		Value = Person
			Id = 00000000-0000-0000-0000-000000000000
			Family = null
			Name = null
			Surname = null
			Height = 0
			Age = 0
			BirthDay = 01.01.0001 0:00:00
			Spouse = null
}
